I'm sorry, but errors were detected in your script. Please correct the
errors listed below, and try again.


File "game/script.rpy", line 614: expected statement.
    wi
      ^

Ren'Py Version: Ren'Py 8.0.3.22090809
Wed Jun 21 21:01:48 2023
